Archive member included because of file (symbol)

/usr/lib/gcc/avr/4.3.4/avr5/libgcc.a(_mulsi3.o)
                              ucos_ii.o (__mulsi3)
/usr/lib/gcc/avr/4.3.4/avr5/libgcc.a(_udivmodsi4.o)
                              ucos_ii.o (__udivmodsi4)
/usr/lib/gcc/avr/4.3.4/avr5/libgcc.a(_exit.o)
                              /usr/lib/gcc/avr/4.3.4/../../../avr/lib/avr5/crtm64.o (exit)
/usr/lib/gcc/avr/4.3.4/avr5/libgcc.a(_copy_data.o)
                              msgqdiff.o (__do_copy_data)
/usr/lib/gcc/avr/4.3.4/avr5/libgcc.a(_clear_bss.o)
                              msgqdiff.o (__do_clear_bss)
/usr/lib/gcc/avr/4.3.4/../../../avr/lib/avr5/libc.a(sprintf.o)
                              msgqdiff.o (sprintf)
/usr/lib/gcc/avr/4.3.4/../../../avr/lib/avr5/libc.a(vfprintf_std.o)
                              /usr/lib/gcc/avr/4.3.4/../../../avr/lib/avr5/libc.a(sprintf.o) (vfprintf)
/usr/lib/gcc/avr/4.3.4/../../../avr/lib/avr5/libc.a(strnlen_P.o)
                              /usr/lib/gcc/avr/4.3.4/../../../avr/lib/avr5/libc.a(vfprintf_std.o) (strnlen_P)
/usr/lib/gcc/avr/4.3.4/../../../avr/lib/avr5/libc.a(strnlen.o)
                              /usr/lib/gcc/avr/4.3.4/../../../avr/lib/avr5/libc.a(vfprintf_std.o) (strnlen)
/usr/lib/gcc/avr/4.3.4/../../../avr/lib/avr5/libc.a(fputc.o)
                              /usr/lib/gcc/avr/4.3.4/../../../avr/lib/avr5/libc.a(vfprintf_std.o) (fputc)
/usr/lib/gcc/avr/4.3.4/../../../avr/lib/avr5/libc.a(ultoa_invert.o)
                              /usr/lib/gcc/avr/4.3.4/../../../avr/lib/avr5/libc.a(vfprintf_std.o) (__ultoa_invert)
/usr/lib/gcc/avr/4.3.4/avr5/libgcc.a(_prologue.o)
                              /usr/lib/gcc/avr/4.3.4/../../../avr/lib/avr5/libc.a(sprintf.o) (__prologue_saves__)
/usr/lib/gcc/avr/4.3.4/avr5/libgcc.a(_epilogue.o)
                              /usr/lib/gcc/avr/4.3.4/../../../avr/lib/avr5/libc.a(sprintf.o) (__epilogue_restores__)

Allocating common symbols
Common symbol       size              file

OSLockNesting       0x1               ucos_ii.o
OSRunning           0x1               ucos_ii.o
OSIdleCtr           0x4               ucos_ii.o
qmsg                0xa               msgqdiff.o
OSPrioHighRdy       0x1               ucos_ii.o
task2_stack         0x100             msgqdiff.o
OSFlagTbl           0x4               ucos_ii.o
OSPrioCur           0x1               ucos_ii.o
OSTCBList           0x2               ucos_ii.o
OSCtxSwCtr          0x4               ucos_ii.o
myq                 0x2               msgqdiff.o
OSTCBFreeList       0x2               ucos_ii.o
OSTaskCtr           0x1               ucos_ii.o
buffer              0x14              msgqdiff.o
OSQTbl              0xe               ucos_ii.o
OSTCBHighRdy        0x2               ucos_ii.o
OSQFreeList         0x2               ucos_ii.o
task1_stack         0x100             msgqdiff.o
OSRdyGrp            0x1               ucos_ii.o
err                 0x1               msgqdiff.o
OSRdyTbl            0x8               ucos_ii.o
OSEventFreeList     0x2               ucos_ii.o
OSIntExitY          0x1               ucos_ii.o
OSIntNesting        0x1               ucos_ii.o
OSTCBCur            0x2               ucos_ii.o
OSTaskIdleStk       0x80              ucos_ii.o
OSEventTbl          0x2a              ucos_ii.o
OSTCBTbl            0x58              ucos_ii.o
OSFlagFreeList      0x2               ucos_ii.o
OSTCBPrioTbl        0x7c              ucos_ii.o
mymutex             0x2               msgqdiff.o

Memory Configuration

Name             Origin             Length             Attributes
text             0x00000000         0x00020000         xr
data             0x00800060         0x0000ffa0         rw !x
eeprom           0x00810000         0x00010000         rw !x
fuse             0x00820000         0x00000400         rw !x
lock             0x00830000         0x00000400         rw !x
signature        0x00840000         0x00000400         rw !x
*default*        0x00000000         0xffffffff

Linker script and memory map

Address of section .data set to 0x800100
LOAD /usr/lib/gcc/avr/4.3.4/../../../avr/lib/avr5/crtm64.o
LOAD msgqdiff.o
LOAD os_cpu_c.o
LOAD ucos_ii.o
LOAD os_cpu_a.o
LOAD /usr/lib/gcc/avr/4.3.4/avr5/libgcc.a
LOAD /usr/lib/gcc/avr/4.3.4/../../../avr/lib/avr5/libc.a
LOAD /usr/lib/gcc/avr/4.3.4/avr5/libgcc.a

.hash
 *(.hash)

.dynsym
 *(.dynsym)

.dynstr
 *(.dynstr)

.gnu.version
 *(.gnu.version)

.gnu.version_d
 *(.gnu.version_d)

.gnu.version_r
 *(.gnu.version_r)

.rel.init
 *(.rel.init)

.rela.init
 *(.rela.init)

.rel.text
 *(.rel.text)
 *(.rel.text.*)
 *(.rel.gnu.linkonce.t*)

.rela.text
 *(.rela.text)
 *(.rela.text.*)
 *(.rela.gnu.linkonce.t*)

.rel.fini
 *(.rel.fini)

.rela.fini
 *(.rela.fini)

.rel.rodata
 *(.rel.rodata)
 *(.rel.rodata.*)
 *(.rel.gnu.linkonce.r*)

.rela.rodata
 *(.rela.rodata)
 *(.rela.rodata.*)
 *(.rela.gnu.linkonce.r*)

.rel.data
 *(.rel.data)
 *(.rel.data.*)
 *(.rel.gnu.linkonce.d*)

.rela.data
 *(.rela.data)
 *(.rela.data.*)
 *(.rela.gnu.linkonce.d*)

.rel.ctors
 *(.rel.ctors)

.rela.ctors
 *(.rela.ctors)

.rel.dtors
 *(.rel.dtors)

.rela.dtors
 *(.rela.dtors)

.rel.got
 *(.rel.got)

.rela.got
 *(.rela.got)

.rel.bss
 *(.rel.bss)

.rela.bss
 *(.rela.bss)

.rel.plt
 *(.rel.plt)

.rela.plt
 *(.rela.plt)

.text           0x00000000     0x2eb4
 *(.vectors)
 .vectors       0x00000000       0x8c /usr/lib/gcc/avr/4.3.4/../../../avr/lib/avr5/crtm64.o
                0x00000000                __vectors
                0x00000000                __vector_default
 *(.vectors)
 *(.progmem.gcc*)
 *(.progmem*)
                0x0000008c                . = ALIGN (0x2)
                0x0000008c                __trampolines_start = .
 *(.trampolines)
 .trampolines   0x0000008c        0x0 linker stubs
 *(.trampolines*)
                0x0000008c                __trampolines_end = .
 *(.jumptables)
 *(.jumptables*)
 *(.lowtext)
 *(.lowtext*)
                0x0000008c                __ctors_start = .
 *(.ctors)
                0x0000008c                __ctors_end = .
                0x0000008c                __dtors_start = .
 *(.dtors)
                0x0000008c                __dtors_end = .
 SORT(*)(.ctors)
 SORT(*)(.dtors)
 *(.init0)
 .init0         0x0000008c        0x0 /usr/lib/gcc/avr/4.3.4/../../../avr/lib/avr5/crtm64.o
                0x0000008c                __init
 *(.init0)
 *(.init1)
 *(.init1)
 *(.init2)
 .init2         0x0000008c        0xc /usr/lib/gcc/avr/4.3.4/../../../avr/lib/avr5/crtm64.o
 *(.init2)
 *(.init3)
 *(.init3)
 *(.init4)
 .init4         0x00000098       0x16 /usr/lib/gcc/avr/4.3.4/avr5/libgcc.a(_copy_data.o)
                0x00000098                __do_copy_data
 .init4         0x000000ae       0x10 /usr/lib/gcc/avr/4.3.4/avr5/libgcc.a(_clear_bss.o)
                0x000000ae                __do_clear_bss
 *(.init4)
 *(.init5)
 *(.init5)
 *(.init6)
 *(.init6)
 *(.init7)
 *(.init7)
 *(.init8)
 *(.init8)
 *(.init9)
 .init9         0x000000be        0x8 /usr/lib/gcc/avr/4.3.4/../../../avr/lib/avr5/crtm64.o
 *(.init9)
 *(.text)
 .text          0x000000c6        0x4 /usr/lib/gcc/avr/4.3.4/../../../avr/lib/avr5/crtm64.o
                0x000000c6                __vector_22
                0x000000c6                __vector_28
                0x000000c6                __vector_1
                0x000000c6                __vector_32
                0x000000c6                __vector_34
                0x000000c6                __vector_24
                0x000000c6                __vector_12
                0x000000c6                __bad_interrupt
                0x000000c6                __vector_6
                0x000000c6                __vector_31
                0x000000c6                __vector_3
                0x000000c6                __vector_23
                0x000000c6                __vector_30
                0x000000c6                __vector_25
                0x000000c6                __vector_11
                0x000000c6                __vector_13
                0x000000c6                __vector_17
                0x000000c6                __vector_19
                0x000000c6                __vector_7
                0x000000c6                __vector_27
                0x000000c6                __vector_5
                0x000000c6                __vector_33
                0x000000c6                __vector_4
                0x000000c6                __vector_9
                0x000000c6                __vector_2
                0x000000c6                __vector_21
                0x000000c6                __vector_15
                0x000000c6                __vector_29
                0x000000c6                __vector_8
                0x000000c6                __vector_26
                0x000000c6                __vector_14
                0x000000c6                __vector_10
                0x000000c6                __vector_18
                0x000000c6                __vector_20
 .text          0x000000ca      0x30c msgqdiff.o
                0x000000ca                u1init
                0x000000e0                u1tx
                0x000000ee                u1rx
                0x000000fc                u1txstr
                0x0000011a                inittimer
                0x00000126                task2
                0x000001fa                task1
                0x00000304                main
                0x00000370                u1txnum
 .text          0x000003d6       0x62 os_cpu_c.o
                0x000003d6                OSTaskStkInit
                0x00000426                OSTaskCreateHook
                0x00000428                OSTaskDelHook
                0x0000042a                OSTaskSwHook
                0x0000042c                OSTaskStatHook
                0x0000042e                OSTimeTickHook
                0x00000430                OSInitHookBegin
                0x00000432                OSInitHookEnd
                0x00000434                OSTaskIdleHook
                0x00000436                OSTCBInitHook
 .text          0x00000438     0x2200 ucos_ii.o
                0x00000438                OSIntEnter
                0x00000452                OSSchedLock
                0x00000470                OSVersion
                0x00000476                OS_Dummy
                0x00000478                OS_EventTaskRdy
                0x0000052e                OS_EventTaskWait
                0x00000598                OS_EventTO
                0x000005e6                OS_EventWaitListInit
                0x000005fc                OSFlagAccept
                0x000006e8                OSFlagCreate
                0x00000734                OSFlagQuery
                0x00000742                OS_FlagInit
                0x00000808                OS_FlagUnlink
                0x0000085a                OSMutexAccept
                0x000008be                OSMutexCreate
                0x00000972                OSMutexQuery
                0x000009fa                OSQAccept
                0x00000a5c                OSQCreate
                0x00000b06                OSQFlush
                0x00000b26                OSQQuery
                0x00000bba                OS_QInit
                0x00000bd0                OSSemCreate
                0x00000c24                OSTaskDelReq
                0x00000c60                OS_TCBInit
                0x00000d36                OS_TaskIdle
                0x00000d66                OS_Sched
                0x00000df4                OSTimeDly
                0x00000e44                OSTimeDlyHMSM
                0x00000f66                OSTaskSuspend
                0x00000ff6                OSTaskResume
                0x00001070                OSTaskDel
                0x00001212                OSTaskCreate
                0x000012ba                OSSemPost
                0x000012f8                OSSemPend
                0x00001434                OSQPostOpt
                0x00001528                OSQPostFront
                0x000015ac                OSQPost
                0x0000162e                OSQPend
                0x000017b2                OSQDel
                0x000018be                OSMutexPost
                0x000019fc                OSMutexPend
                0x00001c3e                OSMutexDel
                0x00001d46                OSFlagPost
                0x00001e6e                OSFlagPend
                0x0000227c                OSFlagDel
                0x0000234c                OSSchedUnlock
                0x00002382                OSTimeTick
                0x00002416                OSStart
                0x00002470                OSIntExit
                0x00002516                OSInit
 .text          0x00002638      0x246 os_cpu_a.o
                0x00002638                OSStartHighRdy
                0x0000269c                OSCtxSw
                0x0000275a                OSIntCtxSw
                0x000027c4                OSTickISR
                0x000027c4                __vector_16
 .text          0x0000287e        0x0 /usr/lib/gcc/avr/4.3.4/avr5/libgcc.a(_mulsi3.o)
 .text          0x0000287e        0x0 /usr/lib/gcc/avr/4.3.4/avr5/libgcc.a(_udivmodsi4.o)
 .text          0x0000287e        0x0 /usr/lib/gcc/avr/4.3.4/avr5/libgcc.a(_exit.o)
 .text          0x0000287e        0x0 /usr/lib/gcc/avr/4.3.4/avr5/libgcc.a(_copy_data.o)
 .text          0x0000287e        0x0 /usr/lib/gcc/avr/4.3.4/avr5/libgcc.a(_clear_bss.o)
 .text          0x0000287e        0x0 /usr/lib/gcc/avr/4.3.4/../../../avr/lib/avr5/libc.a(sprintf.o)
 .text          0x0000287e        0x0 /usr/lib/gcc/avr/4.3.4/../../../avr/lib/avr5/libc.a(vfprintf_std.o)
 .text          0x0000287e        0x0 /usr/lib/gcc/avr/4.3.4/../../../avr/lib/avr5/libc.a(strnlen_P.o)
 .text          0x0000287e        0x0 /usr/lib/gcc/avr/4.3.4/../../../avr/lib/avr5/libc.a(strnlen.o)
 .text          0x0000287e        0x0 /usr/lib/gcc/avr/4.3.4/../../../avr/lib/avr5/libc.a(fputc.o)
 .text          0x0000287e        0x0 /usr/lib/gcc/avr/4.3.4/../../../avr/lib/avr5/libc.a(ultoa_invert.o)
 .text          0x0000287e        0x0 /usr/lib/gcc/avr/4.3.4/avr5/libgcc.a(_prologue.o)
 .text          0x0000287e        0x0 /usr/lib/gcc/avr/4.3.4/avr5/libgcc.a(_epilogue.o)
                0x0000287e                . = ALIGN (0x2)
 *(.text.*)
 .text.libgcc   0x0000287e       0x3e /usr/lib/gcc/avr/4.3.4/avr5/libgcc.a(_mulsi3.o)
                0x0000287e                __mulsi3
 .text.libgcc   0x000028bc       0x44 /usr/lib/gcc/avr/4.3.4/avr5/libgcc.a(_udivmodsi4.o)
                0x000028bc                __udivmodsi4
 .text.libgcc   0x00002900        0x0 /usr/lib/gcc/avr/4.3.4/avr5/libgcc.a(_exit.o)
 .text.libgcc   0x00002900        0x0 /usr/lib/gcc/avr/4.3.4/avr5/libgcc.a(_copy_data.o)
 .text.libgcc   0x00002900        0x0 /usr/lib/gcc/avr/4.3.4/avr5/libgcc.a(_clear_bss.o)
 .text.avr-libc
                0x00002900       0x48 /usr/lib/gcc/avr/4.3.4/../../../avr/lib/avr5/libc.a(sprintf.o)
                0x00002900                sprintf
 .text.avr-libc
                0x00002948      0x3ba /usr/lib/gcc/avr/4.3.4/../../../avr/lib/avr5/libc.a(vfprintf_std.o)
                0x00002948                vfprintf
 .text.avr-libc
                0x00002d02       0x16 /usr/lib/gcc/avr/4.3.4/../../../avr/lib/avr5/libc.a(strnlen_P.o)
                0x00002d02                strnlen_P
 .text.avr-libc
                0x00002d18       0x16 /usr/lib/gcc/avr/4.3.4/../../../avr/lib/avr5/libc.a(strnlen.o)
                0x00002d18                strnlen
 .text.avr-libc
                0x00002d2e       0x58 /usr/lib/gcc/avr/4.3.4/../../../avr/lib/avr5/libc.a(fputc.o)
                0x00002d2e                fputc
 .text.avr-libc
                0x00002d86       0xbc /usr/lib/gcc/avr/4.3.4/../../../avr/lib/avr5/libc.a(ultoa_invert.o)
                0x00002d86                __ultoa_invert
 .text.libgcc   0x00002e42       0x38 /usr/lib/gcc/avr/4.3.4/avr5/libgcc.a(_prologue.o)
                0x00002e42                __prologue_saves__
 .text.libgcc   0x00002e7a       0x36 /usr/lib/gcc/avr/4.3.4/avr5/libgcc.a(_epilogue.o)
                0x00002e7a                __epilogue_restores__
                0x00002eb0                . = ALIGN (0x2)
 *(.fini9)
 .fini9         0x00002eb0        0x0 /usr/lib/gcc/avr/4.3.4/avr5/libgcc.a(_exit.o)
                0x00002eb0                exit
                0x00002eb0                _exit
 *(.fini9)
 *(.fini8)
 *(.fini8)
 *(.fini7)
 *(.fini7)
 *(.fini6)
 *(.fini6)
 *(.fini5)
 *(.fini5)
 *(.fini4)
 *(.fini4)
 *(.fini3)
 *(.fini3)
 *(.fini2)
 *(.fini2)
 *(.fini1)
 *(.fini1)
 *(.fini0)
 .fini0         0x00002eb0        0x4 /usr/lib/gcc/avr/4.3.4/avr5/libgcc.a(_exit.o)
 *(.fini0)
                0x00002eb4                _etext = .

.data           0x00800100      0x19a load address 0x00002eb4
                0x00800100                PROVIDE (__data_start, .)
 *(.data)
 .data          0x00800100        0x0 /usr/lib/gcc/avr/4.3.4/../../../avr/lib/avr5/crtm64.o
 .data          0x00800100       0x92 msgqdiff.o
 .data          0x00800192        0x0 os_cpu_c.o
 .data          0x00800192      0x108 ucos_ii.o
                0x00800192                OSMapTbl
                0x0080019a                OSUnMapTbl
 .data          0x0080029a        0x0 os_cpu_a.o
 .data          0x0080029a        0x0 /usr/lib/gcc/avr/4.3.4/avr5/libgcc.a(_mulsi3.o)
 .data          0x0080029a        0x0 /usr/lib/gcc/avr/4.3.4/avr5/libgcc.a(_udivmodsi4.o)
 .data          0x0080029a        0x0 /usr/lib/gcc/avr/4.3.4/avr5/libgcc.a(_exit.o)
 .data          0x0080029a        0x0 /usr/lib/gcc/avr/4.3.4/avr5/libgcc.a(_copy_data.o)
 .data          0x0080029a        0x0 /usr/lib/gcc/avr/4.3.4/avr5/libgcc.a(_clear_bss.o)
 .data          0x0080029a        0x0 /usr/lib/gcc/avr/4.3.4/../../../avr/lib/avr5/libc.a(sprintf.o)
 .data          0x0080029a        0x0 /usr/lib/gcc/avr/4.3.4/../../../avr/lib/avr5/libc.a(vfprintf_std.o)
 .data          0x0080029a        0x0 /usr/lib/gcc/avr/4.3.4/../../../avr/lib/avr5/libc.a(strnlen_P.o)
 .data          0x0080029a        0x0 /usr/lib/gcc/avr/4.3.4/../../../avr/lib/avr5/libc.a(strnlen.o)
 .data          0x0080029a        0x0 /usr/lib/gcc/avr/4.3.4/../../../avr/lib/avr5/libc.a(fputc.o)
 .data          0x0080029a        0x0 /usr/lib/gcc/avr/4.3.4/../../../avr/lib/avr5/libc.a(ultoa_invert.o)
 .data          0x0080029a        0x0 /usr/lib/gcc/avr/4.3.4/avr5/libgcc.a(_prologue.o)
 .data          0x0080029a        0x0 /usr/lib/gcc/avr/4.3.4/avr5/libgcc.a(_epilogue.o)
 *(.data*)
 *(.rodata)
 *(.rodata*)
 *(.gnu.linkonce.d*)
                0x0080029a                . = ALIGN (0x2)
                0x0080029a                _edata = .
                0x0080029a                PROVIDE (__data_end, .)

.bss            0x0080029a      0x3da
                0x0080029a                PROVIDE (__bss_start, .)
 *(.bss)
 .bss           0x0080029a        0x0 /usr/lib/gcc/avr/4.3.4/../../../avr/lib/avr5/crtm64.o
 .bss           0x0080029a        0x1 msgqdiff.o
                0x0080029a                count
 .bss           0x0080029b        0x0 os_cpu_c.o
 .bss           0x0080029b        0x0 ucos_ii.o
 .bss           0x0080029b        0x0 os_cpu_a.o
 .bss           0x0080029b        0x0 /usr/lib/gcc/avr/4.3.4/avr5/libgcc.a(_mulsi3.o)
 .bss           0x0080029b        0x0 /usr/lib/gcc/avr/4.3.4/avr5/libgcc.a(_udivmodsi4.o)
 .bss           0x0080029b        0x0 /usr/lib/gcc/avr/4.3.4/avr5/libgcc.a(_exit.o)
 .bss           0x0080029b        0x0 /usr/lib/gcc/avr/4.3.4/avr5/libgcc.a(_copy_data.o)
 .bss           0x0080029b        0x0 /usr/lib/gcc/avr/4.3.4/avr5/libgcc.a(_clear_bss.o)
 .bss           0x0080029b        0x0 /usr/lib/gcc/avr/4.3.4/../../../avr/lib/avr5/libc.a(sprintf.o)
 .bss           0x0080029b        0x0 /usr/lib/gcc/avr/4.3.4/../../../avr/lib/avr5/libc.a(vfprintf_std.o)
 .bss           0x0080029b        0x0 /usr/lib/gcc/avr/4.3.4/../../../avr/lib/avr5/libc.a(strnlen_P.o)
 .bss           0x0080029b        0x0 /usr/lib/gcc/avr/4.3.4/../../../avr/lib/avr5/libc.a(strnlen.o)
 .bss           0x0080029b        0x0 /usr/lib/gcc/avr/4.3.4/../../../avr/lib/avr5/libc.a(fputc.o)
 .bss           0x0080029b        0x0 /usr/lib/gcc/avr/4.3.4/../../../avr/lib/avr5/libc.a(ultoa_invert.o)
 .bss           0x0080029b        0x0 /usr/lib/gcc/avr/4.3.4/avr5/libgcc.a(_prologue.o)
 .bss           0x0080029b        0x0 /usr/lib/gcc/avr/4.3.4/avr5/libgcc.a(_epilogue.o)
 *(.bss*)
 *(COMMON)
 COMMON         0x0080029b      0x223 msgqdiff.o
                0x0080029b                qmsg
                0x008002a5                task2_stack
                0x008003a5                myq
                0x008003a7                buffer
                0x008003bb                task1_stack
                0x008004bb                err
                0x008004bc                mymutex
 COMMON         0x008004be      0x1b6 ucos_ii.o
                0x008004be                OSLockNesting
                0x008004bf                OSRunning
                0x008004c0                OSIdleCtr
                0x008004c4                OSPrioHighRdy
                0x008004c5                OSFlagTbl
                0x008004c9                OSPrioCur
                0x008004ca                OSTCBList
                0x008004cc                OSCtxSwCtr
                0x008004d0                OSTCBFreeList
                0x008004d2                OSTaskCtr
                0x008004d3                OSQTbl
                0x008004e1                OSTCBHighRdy
                0x008004e3                OSQFreeList
                0x008004e5                OSRdyGrp
                0x008004e6                OSRdyTbl
                0x008004ee                OSEventFreeList
                0x008004f0                OSIntExitY
                0x008004f1                OSIntNesting
                0x008004f2                OSTCBCur
                0x008004f4                OSTaskIdleStk
                0x00800574                OSEventTbl
                0x0080059e                OSTCBTbl
                0x008005f6                OSFlagFreeList
                0x008005f8                OSTCBPrioTbl
                0x00800674                PROVIDE (__bss_end, .)
                0x00002eb4                __data_load_start = LOADADDR (.data)
                0x0000304e                __data_load_end = (__data_load_start + SIZEOF (.data))

.noinit         0x00800674        0x0
                0x00800674                PROVIDE (__noinit_start, .)
 *(.noinit*)
                0x00800674                PROVIDE (__noinit_end, .)
                0x00800674                _end = .
                0x00800674                PROVIDE (__heap_start, .)

.eeprom         0x00810000        0x0
 *(.eeprom*)
                0x00810000                __eeprom_end = .

.fuse
 *(.fuse)
 *(.lfuse)
 *(.hfuse)
 *(.efuse)

.lock
 *(.lock*)

.signature
 *(.signature*)

.stab           0x00000000     0x1ef0
 *(.stab)
 .stab          0x00000000      0x6b4 /usr/lib/gcc/avr/4.3.4/../../../avr/lib/avr5/crtm64.o
 .stab          0x000006b4      0x36c os_cpu_a.o
                                0x378 (size before relaxing)
 .stab          0x00000a20      0x3cc /usr/lib/gcc/avr/4.3.4/../../../avr/lib/avr5/libc.a(sprintf.o)
                                0x3d8 (size before relaxing)
 .stab          0x00000dec      0x978 /usr/lib/gcc/avr/4.3.4/../../../avr/lib/avr5/libc.a(vfprintf_std.o)
                                0xb58 (size before relaxing)
 .stab          0x00001764       0x9c /usr/lib/gcc/avr/4.3.4/../../../avr/lib/avr5/libc.a(strnlen_P.o)
                                 0xa8 (size before relaxing)
 .stab          0x00001800       0x9c /usr/lib/gcc/avr/4.3.4/../../../avr/lib/avr5/libc.a(strnlen.o)
                                 0xa8 (size before relaxing)
 .stab          0x0000189c      0x1d4 /usr/lib/gcc/avr/4.3.4/../../../avr/lib/avr5/libc.a(fputc.o)
                                0x3b4 (size before relaxing)
 .stab          0x00001a70      0x480 /usr/lib/gcc/avr/4.3.4/../../../avr/lib/avr5/libc.a(ultoa_invert.o)
                                0x48c (size before relaxing)

.stabstr        0x00000000      0xcfa
 *(.stabstr)
 .stabstr       0x00000000      0xcfa /usr/lib/gcc/avr/4.3.4/../../../avr/lib/avr5/crtm64.o

.stab.excl
 *(.stab.excl)

.stab.exclstr
 *(.stab.exclstr)

.stab.index
 *(.stab.index)

.stab.indexstr
 *(.stab.indexstr)

.comment
 *(.comment)

.debug
 *(.debug)

.line
 *(.line)

.debug_srcinfo
 *(.debug_srcinfo)

.debug_sfnames
 *(.debug_sfnames)

.debug_aranges
 *(.debug_aranges)

.debug_pubnames
 *(.debug_pubnames)

.debug_info
 *(.debug_info)
 *(.gnu.linkonce.wi.*)

.debug_abbrev
 *(.debug_abbrev)

.debug_line
 *(.debug_line)

.debug_frame
 *(.debug_frame)

.debug_str
 *(.debug_str)

.debug_loc
 *(.debug_loc)

.debug_macinfo
 *(.debug_macinfo)
OUTPUT(msgqdiff.elf elf32-avr)
LOAD linker stubs

Cross Reference Table

Symbol                                            File
OSCtxSw                                           os_cpu_a.o
                                                  ucos_ii.o
OSCtxSwCtr                                        ucos_ii.o
OSEventFreeList                                   ucos_ii.o
OSEventTbl                                        ucos_ii.o
OSFlagAccept                                      ucos_ii.o
OSFlagCreate                                      ucos_ii.o
OSFlagDel                                         ucos_ii.o
OSFlagFreeList                                    ucos_ii.o
OSFlagPend                                        ucos_ii.o
OSFlagPost                                        ucos_ii.o
OSFlagQuery                                       ucos_ii.o
OSFlagTbl                                         ucos_ii.o
OSIdleCtr                                         ucos_ii.o
OSInit                                            ucos_ii.o
                                                  msgqdiff.o
OSInitHookBegin                                   os_cpu_c.o
                                                  ucos_ii.o
OSInitHookEnd                                     os_cpu_c.o
                                                  ucos_ii.o
OSIntCtxSw                                        os_cpu_a.o
                                                  ucos_ii.o
OSIntEnter                                        ucos_ii.o
OSIntExit                                         ucos_ii.o
                                                  os_cpu_a.o
OSIntExitY                                        ucos_ii.o
OSIntNesting                                      os_cpu_a.o
                                                  ucos_ii.o
OSLockNesting                                     ucos_ii.o
OSMapTbl                                          ucos_ii.o
OSMutexAccept                                     ucos_ii.o
OSMutexCreate                                     ucos_ii.o
                                                  msgqdiff.o
OSMutexDel                                        ucos_ii.o
OSMutexPend                                       ucos_ii.o
                                                  msgqdiff.o
OSMutexPost                                       ucos_ii.o
                                                  msgqdiff.o
OSMutexQuery                                      ucos_ii.o
OSPrioCur                                         os_cpu_a.o
                                                  ucos_ii.o
OSPrioHighRdy                                     os_cpu_a.o
                                                  ucos_ii.o
OSQAccept                                         ucos_ii.o
OSQCreate                                         ucos_ii.o
                                                  msgqdiff.o
OSQDel                                            ucos_ii.o
OSQFlush                                          ucos_ii.o
OSQFreeList                                       ucos_ii.o
OSQPend                                           ucos_ii.o
                                                  msgqdiff.o
OSQPost                                           ucos_ii.o
                                                  msgqdiff.o
OSQPostFront                                      ucos_ii.o
OSQPostOpt                                        ucos_ii.o
OSQQuery                                          ucos_ii.o
OSQTbl                                            ucos_ii.o
OSRdyGrp                                          ucos_ii.o
OSRdyTbl                                          ucos_ii.o
OSRunning                                         os_cpu_a.o
                                                  ucos_ii.o
OSSchedLock                                       ucos_ii.o
OSSchedUnlock                                     ucos_ii.o
OSSemCreate                                       ucos_ii.o
OSSemPend                                         ucos_ii.o
OSSemPost                                         ucos_ii.o
OSStart                                           ucos_ii.o
                                                  msgqdiff.o
OSStartHighRdy                                    os_cpu_a.o
                                                  ucos_ii.o
OSTCBCur                                          os_cpu_a.o
                                                  ucos_ii.o
OSTCBFreeList                                     ucos_ii.o
OSTCBHighRdy                                      os_cpu_a.o
                                                  ucos_ii.o
OSTCBInitHook                                     os_cpu_c.o
                                                  ucos_ii.o
OSTCBList                                         ucos_ii.o
OSTCBPrioTbl                                      ucos_ii.o
OSTCBTbl                                          ucos_ii.o
OSTaskCreate                                      ucos_ii.o
                                                  msgqdiff.o
OSTaskCreateHook                                  os_cpu_c.o
                                                  ucos_ii.o
OSTaskCtr                                         ucos_ii.o
OSTaskDel                                         ucos_ii.o
OSTaskDelHook                                     os_cpu_c.o
                                                  ucos_ii.o
OSTaskDelReq                                      ucos_ii.o
OSTaskIdleHook                                    os_cpu_c.o
                                                  ucos_ii.o
OSTaskIdleStk                                     ucos_ii.o
OSTaskResume                                      ucos_ii.o
OSTaskStatHook                                    os_cpu_c.o
OSTaskStkInit                                     os_cpu_c.o
                                                  ucos_ii.o
OSTaskSuspend                                     ucos_ii.o
OSTaskSwHook                                      os_cpu_c.o
                                                  os_cpu_a.o
OSTickISR                                         os_cpu_a.o
OSTimeDly                                         ucos_ii.o
                                                  msgqdiff.o
OSTimeDlyHMSM                                     ucos_ii.o
OSTimeTick                                        ucos_ii.o
                                                  os_cpu_a.o
OSTimeTickHook                                    os_cpu_c.o
                                                  ucos_ii.o
OSUnMapTbl                                        ucos_ii.o
OSVersion                                         ucos_ii.o
OS_Dummy                                          ucos_ii.o
OS_EventTO                                        ucos_ii.o
OS_EventTaskRdy                                   ucos_ii.o
OS_EventTaskWait                                  ucos_ii.o
OS_EventWaitListInit                              ucos_ii.o
OS_FlagInit                                       ucos_ii.o
OS_FlagUnlink                                     ucos_ii.o
OS_QInit                                          ucos_ii.o
OS_Sched                                          ucos_ii.o
OS_TCBInit                                        ucos_ii.o
OS_TaskIdle                                       ucos_ii.o
__bad_interrupt                                   /usr/lib/gcc/avr/4.3.4/../../../avr/lib/avr5/crtm64.o
__bss_end                                         /usr/lib/gcc/avr/4.3.4/avr5/libgcc.a(_clear_bss.o)
__bss_start                                       /usr/lib/gcc/avr/4.3.4/avr5/libgcc.a(_clear_bss.o)
__data_end                                        /usr/lib/gcc/avr/4.3.4/avr5/libgcc.a(_copy_data.o)
__data_load_start                                 /usr/lib/gcc/avr/4.3.4/avr5/libgcc.a(_copy_data.o)
__data_start                                      /usr/lib/gcc/avr/4.3.4/avr5/libgcc.a(_copy_data.o)
__do_clear_bss                                    /usr/lib/gcc/avr/4.3.4/avr5/libgcc.a(_clear_bss.o)
                                                  /usr/lib/gcc/avr/4.3.4/../../../avr/lib/avr5/libc.a(fputc.o)
                                                  /usr/lib/gcc/avr/4.3.4/../../../avr/lib/avr5/libc.a(vfprintf_std.o)
                                                  /usr/lib/gcc/avr/4.3.4/../../../avr/lib/avr5/libc.a(sprintf.o)
                                                  ucos_ii.o
                                                  os_cpu_c.o
                                                  msgqdiff.o
__do_copy_data                                    /usr/lib/gcc/avr/4.3.4/avr5/libgcc.a(_copy_data.o)
                                                  /usr/lib/gcc/avr/4.3.4/../../../avr/lib/avr5/libc.a(fputc.o)
                                                  /usr/lib/gcc/avr/4.3.4/../../../avr/lib/avr5/libc.a(vfprintf_std.o)
                                                  /usr/lib/gcc/avr/4.3.4/../../../avr/lib/avr5/libc.a(sprintf.o)
                                                  ucos_ii.o
                                                  os_cpu_c.o
                                                  msgqdiff.o
__epilogue_restores__                             /usr/lib/gcc/avr/4.3.4/avr5/libgcc.a(_epilogue.o)
                                                  /usr/lib/gcc/avr/4.3.4/../../../avr/lib/avr5/libc.a(vfprintf_std.o)
                                                  /usr/lib/gcc/avr/4.3.4/../../../avr/lib/avr5/libc.a(sprintf.o)
__heap_end                                        /usr/lib/gcc/avr/4.3.4/../../../avr/lib/avr5/crtm64.o
__init                                            /usr/lib/gcc/avr/4.3.4/../../../avr/lib/avr5/crtm64.o
__mulsi3                                          /usr/lib/gcc/avr/4.3.4/avr5/libgcc.a(_mulsi3.o)
                                                  ucos_ii.o
__prologue_saves__                                /usr/lib/gcc/avr/4.3.4/avr5/libgcc.a(_prologue.o)
                                                  /usr/lib/gcc/avr/4.3.4/../../../avr/lib/avr5/libc.a(vfprintf_std.o)
                                                  /usr/lib/gcc/avr/4.3.4/../../../avr/lib/avr5/libc.a(sprintf.o)
__stack                                           /usr/lib/gcc/avr/4.3.4/../../../avr/lib/avr5/crtm64.o
__udivmodsi4                                      /usr/lib/gcc/avr/4.3.4/avr5/libgcc.a(_udivmodsi4.o)
                                                  ucos_ii.o
__ultoa_invert                                    /usr/lib/gcc/avr/4.3.4/../../../avr/lib/avr5/libc.a(ultoa_invert.o)
                                                  /usr/lib/gcc/avr/4.3.4/../../../avr/lib/avr5/libc.a(vfprintf_std.o)
__vector_1                                        /usr/lib/gcc/avr/4.3.4/../../../avr/lib/avr5/crtm64.o
__vector_10                                       /usr/lib/gcc/avr/4.3.4/../../../avr/lib/avr5/crtm64.o
__vector_11                                       /usr/lib/gcc/avr/4.3.4/../../../avr/lib/avr5/crtm64.o
__vector_12                                       /usr/lib/gcc/avr/4.3.4/../../../avr/lib/avr5/crtm64.o
__vector_13                                       /usr/lib/gcc/avr/4.3.4/../../../avr/lib/avr5/crtm64.o
__vector_14                                       /usr/lib/gcc/avr/4.3.4/../../../avr/lib/avr5/crtm64.o
__vector_15                                       /usr/lib/gcc/avr/4.3.4/../../../avr/lib/avr5/crtm64.o
__vector_16                                       os_cpu_a.o
                                                  /usr/lib/gcc/avr/4.3.4/../../../avr/lib/avr5/crtm64.o
__vector_17                                       /usr/lib/gcc/avr/4.3.4/../../../avr/lib/avr5/crtm64.o
__vector_18                                       /usr/lib/gcc/avr/4.3.4/../../../avr/lib/avr5/crtm64.o
__vector_19                                       /usr/lib/gcc/avr/4.3.4/../../../avr/lib/avr5/crtm64.o
__vector_2                                        /usr/lib/gcc/avr/4.3.4/../../../avr/lib/avr5/crtm64.o
__vector_20                                       /usr/lib/gcc/avr/4.3.4/../../../avr/lib/avr5/crtm64.o
__vector_21                                       /usr/lib/gcc/avr/4.3.4/../../../avr/lib/avr5/crtm64.o
__vector_22                                       /usr/lib/gcc/avr/4.3.4/../../../avr/lib/avr5/crtm64.o
__vector_23                                       /usr/lib/gcc/avr/4.3.4/../../../avr/lib/avr5/crtm64.o
__vector_24                                       /usr/lib/gcc/avr/4.3.4/../../../avr/lib/avr5/crtm64.o
__vector_25                                       /usr/lib/gcc/avr/4.3.4/../../../avr/lib/avr5/crtm64.o
__vector_26                                       /usr/lib/gcc/avr/4.3.4/../../../avr/lib/avr5/crtm64.o
__vector_27                                       /usr/lib/gcc/avr/4.3.4/../../../avr/lib/avr5/crtm64.o
__vector_28                                       /usr/lib/gcc/avr/4.3.4/../../../avr/lib/avr5/crtm64.o
__vector_29                                       /usr/lib/gcc/avr/4.3.4/../../../avr/lib/avr5/crtm64.o
__vector_3                                        /usr/lib/gcc/avr/4.3.4/../../../avr/lib/avr5/crtm64.o
__vector_30                                       /usr/lib/gcc/avr/4.3.4/../../../avr/lib/avr5/crtm64.o
__vector_31                                       /usr/lib/gcc/avr/4.3.4/../../../avr/lib/avr5/crtm64.o
__vector_32                                       /usr/lib/gcc/avr/4.3.4/../../../avr/lib/avr5/crtm64.o
__vector_33                                       /usr/lib/gcc/avr/4.3.4/../../../avr/lib/avr5/crtm64.o
__vector_34                                       /usr/lib/gcc/avr/4.3.4/../../../avr/lib/avr5/crtm64.o
__vector_4                                        /usr/lib/gcc/avr/4.3.4/../../../avr/lib/avr5/crtm64.o
__vector_5                                        /usr/lib/gcc/avr/4.3.4/../../../avr/lib/avr5/crtm64.o
__vector_6                                        /usr/lib/gcc/avr/4.3.4/../../../avr/lib/avr5/crtm64.o
__vector_7                                        /usr/lib/gcc/avr/4.3.4/../../../avr/lib/avr5/crtm64.o
__vector_8                                        /usr/lib/gcc/avr/4.3.4/../../../avr/lib/avr5/crtm64.o
__vector_9                                        /usr/lib/gcc/avr/4.3.4/../../../avr/lib/avr5/crtm64.o
__vector_default                                  /usr/lib/gcc/avr/4.3.4/../../../avr/lib/avr5/crtm64.o
__vectors                                         /usr/lib/gcc/avr/4.3.4/../../../avr/lib/avr5/crtm64.o
_exit                                             /usr/lib/gcc/avr/4.3.4/avr5/libgcc.a(_exit.o)
buffer                                            msgqdiff.o
count                                             msgqdiff.o
err                                               msgqdiff.o
exit                                              /usr/lib/gcc/avr/4.3.4/avr5/libgcc.a(_exit.o)
                                                  /usr/lib/gcc/avr/4.3.4/../../../avr/lib/avr5/crtm64.o
fputc                                             /usr/lib/gcc/avr/4.3.4/../../../avr/lib/avr5/libc.a(fputc.o)
                                                  /usr/lib/gcc/avr/4.3.4/../../../avr/lib/avr5/libc.a(vfprintf_std.o)
inittimer                                         msgqdiff.o
main                                              msgqdiff.o
                                                  /usr/lib/gcc/avr/4.3.4/../../../avr/lib/avr5/crtm64.o
mymutex                                           msgqdiff.o
myq                                               msgqdiff.o
qmsg                                              msgqdiff.o
sprintf                                           /usr/lib/gcc/avr/4.3.4/../../../avr/lib/avr5/libc.a(sprintf.o)
                                                  msgqdiff.o
strnlen                                           /usr/lib/gcc/avr/4.3.4/../../../avr/lib/avr5/libc.a(strnlen.o)
                                                  /usr/lib/gcc/avr/4.3.4/../../../avr/lib/avr5/libc.a(vfprintf_std.o)
strnlen_P                                         /usr/lib/gcc/avr/4.3.4/../../../avr/lib/avr5/libc.a(strnlen_P.o)
                                                  /usr/lib/gcc/avr/4.3.4/../../../avr/lib/avr5/libc.a(vfprintf_std.o)
task1                                             msgqdiff.o
task1_stack                                       msgqdiff.o
task2                                             msgqdiff.o
task2_stack                                       msgqdiff.o
u1init                                            msgqdiff.o
u1rx                                              msgqdiff.o
u1tx                                              msgqdiff.o
u1txnum                                           msgqdiff.o
u1txstr                                           msgqdiff.o
vfprintf                                          /usr/lib/gcc/avr/4.3.4/../../../avr/lib/avr5/libc.a(vfprintf_std.o)
                                                  /usr/lib/gcc/avr/4.3.4/../../../avr/lib/avr5/libc.a(sprintf.o)
